"","patient_ID","timepoint","intervention","gender","age","ex_adherence"
"103A","103","A","1","1","34","91"
"104A","104","A","2","2","36","98"
"107A","107","A","2","2","45","98"
"109A","109","A","1","2","32","91"
"111A","111","A","2","1","33","81"
"116A","116","A","2","2","40","93"
"118A","118","A","3","2","31","83"
"119A","119","A","3","2","45","94"
"123A","123","A","2","2","47","96"
"124A","124","A","1","1","45","94"
"127A","127","A","3","1","33","87"
"130A","130","A","3","2","28","96"
"133A","133","A","2","2","31","96"
"138A","138","A","1","1","42","94"
"139A","139","A","3","1","36","89"
"140A","140","A","3","2","36","83"
